account[0] = Balance=10.0
account[1] = Balance=20.0
